Test script started at Wed Mar 26 19:44:17 2025
Heartbeat at Wed Mar 26 19:44:17 2025
Test script started at Wed Mar 26 19:44:25 2025
Heartbeat at Wed Mar 26 19:44:25 2025
Test script started at Wed Mar 26 19:47:11 2025
Heartbeat at Wed Mar 26 19:47:11 2025
Heartbeat at Wed Mar 26 19:48:11 2025
Heartbeat at Wed Mar 26 19:49:11 2025
